18:57:14 **** Incremental Build of configuration Debug for project Audio_driver ****
make pre-build main-build 
a9-linaro-pre-build-step
 
Building file: ../src/helloworld.c
Invoking: ARM v7 gcc compiler
arm-none-eabi-gcc -Wall -O0 -g3 -c -fmessage-length=0 -MT"src/helloworld.o" -mcpu=cortex-a9 -mfpu=vfpv3 -mfloat-abi=hard -I../../Audio_driver_bsp/ps7_cortexa9_0/include -MMD -MP -MF"src/helloworld.d" -MT"src/helloworld.o" -o "src/helloworld.o" "../src/helloworld.c"
Finished building: ../src/helloworld.c
 
Building target: Audio_driver.elf
Invoking: ARM v7 gcc linker
arm-none-eabi-gcc -mcpu=cortex-a9 -mfpu=vfpv3 -mfloat-abi=hard -Wl,-build-id=none -specs=Xilinx.spec -Wl,-T -Wl,../src/lscript.ld -L../../Audio_driver_bsp/ps7_cortexa9_0/lib -o "Audio_driver.elf"  ./src/helloworld.o ./src/platform.o   -Wl,--start-group,-lxil,-lgcc,-lc,--end-group
Finished building target: Audio_driver.elf
 
Invoking: ARM v7 Print Size
arm-none-eabi-size Audio_driver.elf  |tee "Audio_driver.elf.size"
   text	   data	    bss	    dec	    hex	filename
  22824	   1148	  22568	  46540	   b5cc	Audio_driver.elf
Finished building: Audio_driver.elf.size
 

18:57:14 Build Finished (took 173ms)

